
> ticketing-sit@0.1.0 build
> next build

Γû▓ Next.js 16.2.9 (Turbopack)

  Creating an optimized production build ...
Γ£ô Compiled successfully in 7.9s
  Running TypeScript ...
  Finished TypeScript in 5.2s ...
  Collecting page data using 7 workers ...
  Generating static pages using 7 workers (0/5) ...
  Generating static pages using 7 workers (1/5) 
  Generating static pages using 7 workers (2/5) 
  Generating static pages using 7 workers (3/5) 
Γ£ô Generating static pages using 7 workers (5/5) in 556ms
  Finalizing page optimization ...

Route (app)
Γöî Γùï /
Γö£ Γùï /_not-found
Γö£ ╞Æ /[eventSlug]
Γö£ ╞Æ /[eventSlug]/checkout
Γö£ ╞Æ /[eventSlug]/success
Γöö Γùï /admin


Γùï  (Static)   prerendered as static content
╞Æ  (Dynamic)  server-rendered on demand

